C251 COMPILER V5.60.0,  spi                                                                21/07/23  12:32:52  PAGE 1   


C251 COMPILER V5.60.0, COMPILATION OF MODULE spi
OBJECT MODULE PLACED IN .\Objects\spi.obj
COMPILER INVOKED BY: C:\Keil_c251\C251\BIN\C251.EXE Src\spi.c LARGE INTR2 ROM(HUGE) BROWSE INCDIR(.\Inc) DEBUG PRINT(.\L
                    -istings\spi.lst) TABS(2) OBJECT(.\Objects\spi.obj) 

stmt  level    source

    1          #include "spi.h"
    2          
    3          unsigned char SPI_RW(unsigned char byte)
    4          {
    5   1        unsigned char i;
    6   1        for(i = 0; i < 8; i++)
    7   1        {
    8   2          if(byte & 0x80)
    9   2            MOSI = 1;
   10   2          else
   11   2            MOSI = 0;
   12   2          byte <<= 1;
   13   2          SCK = 1;
   14   2          byte |= MISO;
   15   2          SCK = 0;
   16   2        }
   17   1        return byte;
   18   1      }


Module Information          Static   Overlayable
------------------------------------------------
  code size            =    ------     ------
  ecode size           =        35     ------
  data size            =    ------     ------
  idata size           =    ------     ------
  pdata size           =    ------     ------
  xdata size           =    ------     ------
  xdata-const size     =    ------     ------
  edata size           =    ------     ------
  bit size             =    ------     ------
  ebit size            =    ------     ------
  bitaddressable size  =    ------     ------
  ebitaddressable size =    ------     ------
  far data size        =    ------     ------
  huge data size       =    ------     ------
  const size           =    ------     ------
  hconst size          =    ------     ------
End of Module Information.


C251 COMPILATION COMPLETE.  0 WARNING(S),  0 ERROR(S)
