L251 LINKER/LOCATER V4.66.93.0                                                          07/20/2023  16:33:29  PAGE 1


L251 LINKER/LOCATER V4.66.93.0, INVOKED BY:
C:\KEIL_C251\C251\BIN\L251.EXE .\Objects\main.obj, .\Objects\pwm.obj TO .\Objects\STC32_TEST PRINT (.\Listings\STC32_TES
>> T.map) CASE CLASSES (EDATA (0X0-0XFFF), HDATA (0X0-0XFFF))


CPU MODE:     251 SOURCE MODE
MEMORY MODEL: LARGE


INPUT MODULES INCLUDED:
  .\Objects\main.obj (main)
         COMMENT TYPE 0: C251 V5.60.0
  .\Objects\pwm.obj (pwm)
         COMMENT TYPE 0: C251 V5.60.0
  C:\KEIL_C251\C251\LIB\C2SL.LIB (?C_START)
         COMMENT TYPE 0: A251 V4.69.6.0


ACTIVE MEMORY CLASSES OF MODULE:  .\Objects\STC32_TEST (main)

BASE        START       END         USED      MEMORY CLASS
==========================================================
000000H     000000H     000FFFH     000100H   EDATA
000000H     000000H     000FFFH               HDATA
FF0000H     FF0000H     FFFFFFH     0001D5H   CODE
000000H     000000H     00007FH     000008H   DATA


MEMORY MAP OF MODULE:  .\Objects\STC32_TEST (main)


START     STOP      LENGTH    ALIGN  RELOC    MEMORY CLASS   SEGMENT NAME
=========================================================================
000000H   000007H   000008H   ---    AT..     DATA           "REG BANK 0"
000008H   000107H   000100H   BYTE   UNIT     EDATA          ?STACK
000108H   FEFFFFH   FEFEF8H   ---    ---      **GAP**
FF0000H   FF0002H   000003H   ---    OFFS..   CODE           ?CO?start251?4
FF0003H   FF005EH   00005CH   BYTE   INSEG    CODE           ?PR?PWM_INIT?PWM
FF005FH   FF00B7H   000059H   BYTE   INSEG    CODE           ?PR?MAIN?MAIN
FF00B8H   FF00D6H   00001FH   BYTE   INSEG    CODE           ?PR?PWM1N_ENABLE?PWM
FF00D7H   FF00F5H   00001FH   BYTE   INSEG    CODE           ?PR?PWM1P_ENABLE?PWM
FF00F6H   FF0114H   00001FH   BYTE   INSEG    CODE           ?PR?PWM4N_ENABLE?PWM
FF0115H   FF0133H   00001FH   BYTE   INSEG    CODE           ?PR?PWM4P_ENABLE?PWM
FF0134H   FF0146H   000013H   BYTE   UNIT     CODE           ?C_C51STARTUP
FF0147H   FF0149H   000003H   BYTE   UNIT     CODE           ?C_C51STARTUP?3
FF014AH   FF015EH   000015H   BYTE   INSEG    CODE           ?PR?PWM1_SETDUTY?PWM
FF015FH   FF0173H   000015H   BYTE   INSEG    CODE           ?PR?PWM4_SETDUTY?PWM
FF0174H   FF0188H   000015H   BYTE   INSEG    CODE           ?PR?PWMA_SETCYCLE?PWM
FF0189H   FF019BH   000013H   BYTE   INSEG    CODE           ?PR?PWM1N_DISABLE?PWM
FF019CH   FF01AEH   000013H   BYTE   INSEG    CODE           ?PR?PWM1P_DISABLE?PWM
FF01AFH   FF01C1H   000013H   BYTE   INSEG    CODE           ?PR?PWM4N_DISABLE?PWM
FF01C2H   FF01D4H   000013H   BYTE   INSEG    CODE           ?PR?PWM4P_DISABLE?PWM



OVERLAY MAP OF MODULE:   .\Objects\STC32_TEST (main)


FUNCTION/MODULE              BIT_GROUP   DATA_GROUP 
--> CALLED FUNCTION/MODULE  START  STOP  START  STOP
====================================================
?C_C51STARTUP               ----- -----  ----- -----

*** NEW ROOT **************

?C_C51STARTUP?3             ----- -----  ----- -----
L251 LINKER/LOCATER V4.66.93.0                                                        07/20/2023  16:33:29  PAGE 2


  +--> main/main

main/main                   ----- -----  ----- -----
  +--> pwm_init/pwm
  +--> pwma_setcycle/pwm
  +--> pwm1_setduty/pwm
  +--> pwm4_setduty/pwm
  +--> pwm1p_enable/pwm
  +--> pwm4p_enable/pwm

pwm_init/pwm                ----- -----  ----- -----

pwma_setcycle/pwm           ----- -----  ----- -----

pwm1_setduty/pwm            ----- -----  ----- -----

pwm4_setduty/pwm            ----- -----  ----- -----

pwm1p_enable/pwm            ----- -----  ----- -----
  +--> pwm1n_disable/pwm

pwm1n_disable/pwm           ----- -----  ----- -----

pwm4p_enable/pwm            ----- -----  ----- -----
  +--> pwm4n_disable/pwm

pwm4n_disable/pwm           ----- -----  ----- -----



PUBLIC SYMBOLS OF MODULE:  .\Objects\STC32_TEST (main)


      VALUE       CLASS    TYPE      PUBLIC SYMBOL NAME
      =================================================
      000000FFH   NUMBER   ---       ?C?CODESEG
      00FF0000H   CODE     ---       ?C?STARTUP
      00000001H   NUMBER   ---       ?C?XDATASEG
      00FF0000H   CODE     ---       ?C_STARTUP
*SFR* 000000BCH   DATA     BYTE      ADC_CONTR
*SFR* 000000DEH   DATA     BYTE      ADCCFG
*SFR* 000000EFH   DATA     BYTE      AUXINTIF
*SFR* 0000008EH   DATA     BYTE      AUXR
*SFR* 00000097H   DATA     BYTE      AUXR2
*SFR* 000000F1H   DATA     BYTE      CANICR
*SFR* 000000EAH   DATA     BYTE      CKCON
*SFR* 000000E6H   DATA     BYTE      CMPCR1
*SFR* 000000E7H   DATA     BYTE      CMPCR2
*SFR* 000000BAH.7 DATA     BIT       EAXFR
*SFR* 000000C7H   DATA     BYTE      IAP_CONTR
*SFR* 000000A8H   DATA     BYTE      IE
*SFR* 000000AFH   DATA     BYTE      IE2
*SFR* 0000008FH   DATA     BYTE      INTCLKO
*SFR* 000000B8H   DATA     BYTE      IP
*SFR* 000000B5H   DATA     BYTE      IP2
*SFR* 000000B6H   DATA     BYTE      IP2H
*SFR* 000000DFH   DATA     BYTE      IP3
*SFR* 000000EEH   DATA     BYTE      IP3H
*SFR* 000000B7H   DATA     BYTE      IPH
*SFR* 0000009DH   DATA     BYTE      IRCBAND
*SFR* 000000F9H   DATA     BYTE      LINICR
      00FF005FH   CODE     ---       main
*SFR* 00000080H   DATA     BYTE      P0
*SFR* 00000094H   DATA     BYTE      P0M0
*SFR* 00000093H   DATA     BYTE      P0M1
L251 LINKER/LOCATER V4.66.93.0                                                        07/20/2023  16:33:29  PAGE 3


*SFR* 00000090H   DATA     BYTE      P1
*SFR* 00000090H.0 DATA     BIT       P10
*SFR* 00000090H.1 DATA     BIT       P11
*SFR* 00000090H.6 DATA     BIT       P16
*SFR* 00000090H.7 DATA     BIT       P17
*SFR* 00000092H   DATA     BYTE      P1M0
*SFR* 00000091H   DATA     BYTE      P1M1
*SFR* 000000A0H   DATA     BYTE      P2
*SFR* 00000096H   DATA     BYTE      P2M0
*SFR* 00000095H   DATA     BYTE      P2M1
*SFR* 000000B0H   DATA     BYTE      P3
*SFR* 000000B2H   DATA     BYTE      P3M0
*SFR* 000000B1H   DATA     BYTE      P3M1
*SFR* 000000C0H   DATA     BYTE      P4
*SFR* 000000B4H   DATA     BYTE      P4M0
*SFR* 000000B3H   DATA     BYTE      P4M1
*SFR* 000000C8H   DATA     BYTE      P5
*SFR* 000000CAH   DATA     BYTE      P5M0
*SFR* 000000C9H   DATA     BYTE      P5M1
*SFR* 000000E8H   DATA     BYTE      P6
*SFR* 000000CCH   DATA     BYTE      P6M0
*SFR* 000000CBH   DATA     BYTE      P6M1
*SFR* 000000F8H   DATA     BYTE      P7
*SFR* 000000E2H   DATA     BYTE      P7M0
*SFR* 000000E1H   DATA     BYTE      P7M1
*SFR* 000000A2H   DATA     BYTE      P_SW1
*SFR* 000000BAH   DATA     BYTE      P_SW2
*SFR* 000000BBH   DATA     BYTE      P_SW3
*SFR* 00000087H   DATA     BYTE      PCON
*SFR* 000000D0H   DATA     BYTE      PSW
      00FF014AH   CODE     ---       pwm1_setduty
      00FF0189H   CODE     ---       pwm1n_disable
      00FF00B8H   CODE     ---       pwm1n_enable
      00FF019CH   CODE     ---       pwm1p_disable
      00FF00D7H   CODE     ---       pwm1p_enable
      00FF015FH   CODE     ---       pwm4_setduty
      00FF01AFH   CODE     ---       pwm4n_disable
      00FF00F6H   CODE     ---       pwm4n_enable
      00FF01C2H   CODE     ---       pwm4p_disable
      00FF0115H   CODE     ---       pwm4p_enable
      00FF0003H   CODE     ---       pwm_init
      00FF0174H   CODE     ---       pwma_setcycle
*SFR* 000000FFH   DATA     BYTE      RSTCFG
*SFR* 0000009AH   DATA     BYTE      S2CON
*SFR* 000000ACH   DATA     BYTE      S3CON
*SFR* 000000FDH   DATA     BYTE      S4CON
*SFR* 00000098H   DATA     BYTE      SCON
*SFR* 000000CEH   DATA     BYTE      SPCTL
*SFR* 000000CDH   DATA     BYTE      SPSTAT
*SFR* 000000DDH   DATA     BYTE      T4T3M
*SFR* 00000088H   DATA     BYTE      TCON
*SFR* 00000089H   DATA     BYTE      TMOD
*SFR* 000000F4H   DATA     BYTE      USBCON
*SFR* 000000C1H   DATA     BYTE      WDT_CONTR
*SFR* 000000E9H   DATA     BYTE      WTST



SYMBOL TABLE OF MODULE:  .\Objects\STC32_TEST (main)

      VALUE       REP       CLASS    TYPE      SYMBOL NAME
      ====================================================
      ---         MODULE    ---      ---       main
      00FF005FH   PUBLIC    CODE     ---       main
      00000094H   SFRSYM    DATA     BYTE      P0M0
L251 LINKER/LOCATER V4.66.93.0                                                        07/20/2023  16:33:29  PAGE 4


      000000D0H   SFRSYM    DATA     BYTE      PSW
      000000BAH.7 SFRSYM    DATA     BIT       EAXFR
      0000009DH   SFRSYM    DATA     BYTE      IRCBAND
      00000097H   SFRSYM    DATA     BYTE      AUXR2
      000000EAH   SFRSYM    DATA     BYTE      CKCON
      000000EFH   SFRSYM    DATA     BYTE      AUXINTIF
      000000FDH   SFRSYM    DATA     BYTE      S4CON
      000000ACH   SFRSYM    DATA     BYTE      S3CON
      0000009AH   SFRSYM    DATA     BYTE      S2CON
      000000B7H   SFRSYM    DATA     BYTE      IPH
      000000CDH   SFRSYM    DATA     BYTE      SPSTAT
      000000DDH   SFRSYM    DATA     BYTE      T4T3M
      000000C1H   SFRSYM    DATA     BYTE      WDT_CONTR
      000000E9H   SFRSYM    DATA     BYTE      WTST
      000000DFH   SFRSYM    DATA     BYTE      IP3
      000000F4H   SFRSYM    DATA     BYTE      USBCON
      000000B5H   SFRSYM    DATA     BYTE      IP2
      000000FFH   SFRSYM    DATA     BYTE      RSTCFG
      000000C7H   SFRSYM    DATA     BYTE      IAP_CONTR
      000000F9H   SFRSYM    DATA     BYTE      LINICR
      0000008EH   SFRSYM    DATA     BYTE      AUXR
      000000AFH   SFRSYM    DATA     BYTE      IE2
      00000088H   SFRSYM    DATA     BYTE      TCON
      00000089H   SFRSYM    DATA     BYTE      TMOD
      00000098H   SFRSYM    DATA     BYTE      SCON
      000000F1H   SFRSYM    DATA     BYTE      CANICR
      00000087H   SFRSYM    DATA     BYTE      PCON
      000000BCH   SFRSYM    DATA     BYTE      ADC_CONTR
      000000E7H   SFRSYM    DATA     BYTE      CMPCR2
      000000E6H   SFRSYM    DATA     BYTE      CMPCR1
      000000DEH   SFRSYM    DATA     BYTE      ADCCFG
      000000B8H   SFRSYM    DATA     BYTE      IP
      0000008FH   SFRSYM    DATA     BYTE      INTCLKO
      000000EEH   SFRSYM    DATA     BYTE      IP3H
      000000B6H   SFRSYM    DATA     BYTE      IP2H
      000000A8H   SFRSYM    DATA     BYTE      IE
      000000BBH   SFRSYM    DATA     BYTE      P_SW3
      000000BAH   SFRSYM    DATA     BYTE      P_SW2
      000000A2H   SFRSYM    DATA     BYTE      P_SW1
      000000CEH   SFRSYM    DATA     BYTE      SPCTL
      000000F8H   SFRSYM    DATA     BYTE      P7
      000000E1H   SFRSYM    DATA     BYTE      P7M1
      000000E8H   SFRSYM    DATA     BYTE      P6
      000000C8H   SFRSYM    DATA     BYTE      P5
      000000CBH   SFRSYM    DATA     BYTE      P6M1
      000000E2H   SFRSYM    DATA     BYTE      P7M0
      000000C0H   SFRSYM    DATA     BYTE      P4
      000000C9H   SFRSYM    DATA     BYTE      P5M1
      000000CCH   SFRSYM    DATA     BYTE      P6M0
      000000B0H   SFRSYM    DATA     BYTE      P3
      000000B3H   SFRSYM    DATA     BYTE      P4M1
      000000CAH   SFRSYM    DATA     BYTE      P5M0
      000000A0H   SFRSYM    DATA     BYTE      P2
      000000B1H   SFRSYM    DATA     BYTE      P3M1
      000000B4H   SFRSYM    DATA     BYTE      P4M0
      00000090H   SFRSYM    DATA     BYTE      P1
      00000095H   SFRSYM    DATA     BYTE      P2M1
      000000B2H   SFRSYM    DATA     BYTE      P3M0
      00000080H   SFRSYM    DATA     BYTE      P0
      00000091H   SFRSYM    DATA     BYTE      P1M1
      00000096H   SFRSYM    DATA     BYTE      P2M0
      00000092H   SFRSYM    DATA     BYTE      P1M0
      00000093H   SFRSYM    DATA     BYTE      P0M1

      00FF005FH   BLOCK     CODE     ---       LVL=0
L251 LINKER/LOCATER V4.66.93.0                                                        07/20/2023  16:33:29  PAGE 5


      00FF005FH   LINE      CODE     ---       #5
      00FF005FH   LINE      CODE     ---       #7
      00FF0062H   LINE      CODE     ---       #8
      00FF0065H   LINE      CODE     ---       #9
      00FF0068H   LINE      CODE     ---       #11
      00FF006EH   LINE      CODE     ---       #12
      00FF0074H   LINE      CODE     ---       #13
      00FF007AH   LINE      CODE     ---       #14
      00FF0080H   LINE      CODE     ---       #15
      00FF0086H   LINE      CODE     ---       #16
      00FF008CH   LINE      CODE     ---       #17
      00FF0092H   LINE      CODE     ---       #18
      00FF0098H   LINE      CODE     ---       #20
      00FF009BH   LINE      CODE     ---       #21
      00FF00A2H   LINE      CODE     ---       #22
      00FF00A9H   LINE      CODE     ---       #23
      00FF00B0H   LINE      CODE     ---       #25
      00FF00B3H   LINE      CODE     ---       #26
      00FF00B6H   LINE      CODE     ---       #28
      00FF00B6H   LINE      CODE     ---       #31
      ---         BLOCKEND  ---      ---       LVL=0

      ---         MODULE    ---      ---       pwm
      00FF014AH   PUBLIC    CODE     ---       pwm1_setduty
      00FF015FH   PUBLIC    CODE     ---       pwm4_setduty
      00FF0189H   PUBLIC    CODE     ---       pwm1n_disable
      00FF019CH   PUBLIC    CODE     ---       pwm1p_disable
      00FF01AFH   PUBLIC    CODE     ---       pwm4n_disable
      00FF01C2H   PUBLIC    CODE     ---       pwm4p_disable
      00FF00B8H   PUBLIC    CODE     ---       pwm1n_enable
      00FF00D7H   PUBLIC    CODE     ---       pwm1p_enable
      00FF00F6H   PUBLIC    CODE     ---       pwm4n_enable
      00FF0115H   PUBLIC    CODE     ---       pwm4p_enable
      00FF0003H   PUBLIC    CODE     ---       pwm_init
      00FF0174H   PUBLIC    CODE     ---       pwma_setcycle
      000000D0H   SFRSYM    DATA     BYTE      PSW
      0000009DH   SFRSYM    DATA     BYTE      IRCBAND
      00000097H   SFRSYM    DATA     BYTE      AUXR2
      000000EFH   SFRSYM    DATA     BYTE      AUXINTIF
      000000FDH   SFRSYM    DATA     BYTE      S4CON
      000000ACH   SFRSYM    DATA     BYTE      S3CON
      0000009AH   SFRSYM    DATA     BYTE      S2CON
      000000B7H   SFRSYM    DATA     BYTE      IPH
      000000CDH   SFRSYM    DATA     BYTE      SPSTAT
      000000DDH   SFRSYM    DATA     BYTE      T4T3M
      000000C1H   SFRSYM    DATA     BYTE      WDT_CONTR
      000000DFH   SFRSYM    DATA     BYTE      IP3
      000000F4H   SFRSYM    DATA     BYTE      USBCON
      000000B5H   SFRSYM    DATA     BYTE      IP2
      000000FFH   SFRSYM    DATA     BYTE      RSTCFG
      000000C7H   SFRSYM    DATA     BYTE      IAP_CONTR
      000000F9H   SFRSYM    DATA     BYTE      LINICR
      0000008EH   SFRSYM    DATA     BYTE      AUXR
      000000AFH   SFRSYM    DATA     BYTE      IE2
      00000090H.7 SFRSYM    DATA     BIT       P17
      00000090H.6 SFRSYM    DATA     BIT       P16
      00000088H   SFRSYM    DATA     BYTE      TCON
      00000089H   SFRSYM    DATA     BYTE      TMOD
      00000098H   SFRSYM    DATA     BYTE      SCON
      00000090H.1 SFRSYM    DATA     BIT       P11
      000000F1H   SFRSYM    DATA     BYTE      CANICR
      00000087H   SFRSYM    DATA     BYTE      PCON
      00000090H.0 SFRSYM    DATA     BIT       P10
      000000BCH   SFRSYM    DATA     BYTE      ADC_CONTR
      000000E7H   SFRSYM    DATA     BYTE      CMPCR2
L251 LINKER/LOCATER V4.66.93.0                                                        07/20/2023  16:33:29  PAGE 6


      000000E6H   SFRSYM    DATA     BYTE      CMPCR1
      000000DEH   SFRSYM    DATA     BYTE      ADCCFG
      000000B8H   SFRSYM    DATA     BYTE      IP
      0000008FH   SFRSYM    DATA     BYTE      INTCLKO
      000000EEH   SFRSYM    DATA     BYTE      IP3H
      000000B6H   SFRSYM    DATA     BYTE      IP2H
      000000A8H   SFRSYM    DATA     BYTE      IE
      000000BBH   SFRSYM    DATA     BYTE      P_SW3
      000000BAH   SFRSYM    DATA     BYTE      P_SW2
      000000A2H   SFRSYM    DATA     BYTE      P_SW1
      000000CEH   SFRSYM    DATA     BYTE      SPCTL
      000000F8H   SFRSYM    DATA     BYTE      P7
      000000E8H   SFRSYM    DATA     BYTE      P6
      000000C8H   SFRSYM    DATA     BYTE      P5
      000000C0H   SFRSYM    DATA     BYTE      P4
      000000B0H   SFRSYM    DATA     BYTE      P3
      000000A0H   SFRSYM    DATA     BYTE      P2
      00000090H   SFRSYM    DATA     BYTE      P1
      00000080H   SFRSYM    DATA     BYTE      P0
      00000091H   SFRSYM    DATA     BYTE      P1M1
      00000092H   SFRSYM    DATA     BYTE      P1M0

      00FF0003H   BLOCK     CODE     ---       LVL=0
      00FF0003H   LINE      CODE     ---       #3
      00FF0003H   LINE      CODE     ---       #5
      00FF0006H   LINE      CODE     ---       #6
      00FF0009H   LINE      CODE     ---       #7
      00FF000CH   LINE      CODE     ---       #8
      00FF001CH   LINE      CODE     ---       #10
      00FF0024H   LINE      CODE     ---       #11
      00FF002BH   LINE      CODE     ---       #12
      00FF0034H   LINE      CODE     ---       #13
      00FF003BH   LINE      CODE     ---       #15
      00FF0043H   LINE      CODE     ---       #16
      00FF004CH   LINE      CODE     ---       #18
      00FF0055H   LINE      CODE     ---       #19
      00FF005EH   LINE      CODE     ---       #20
      ---         BLOCKEND  ---      ---       LVL=0

      00FF00D7H   BLOCK     CODE     ---       LVL=0
      00FF00D7H   LINE      CODE     ---       #22
      00FF00D7H   LINE      CODE     ---       #24
      00FF00DAH   LINE      CODE     ---       #25
      00FF00DCH   LINE      CODE     ---       #26
      00FF00E9H   LINE      CODE     ---       #27
      00FF00F5H   LINE      CODE     ---       #28
      ---         BLOCKEND  ---      ---       LVL=0

      00FF00B8H   BLOCK     CODE     ---       LVL=0
      00FF00B8H   LINE      CODE     ---       #30
      00FF00B8H   LINE      CODE     ---       #32
      00FF00BBH   LINE      CODE     ---       #33
      00FF00BDH   LINE      CODE     ---       #34
      00FF00CAH   LINE      CODE     ---       #35
      00FF00D6H   LINE      CODE     ---       #36
      ---         BLOCKEND  ---      ---       LVL=0

      00FF0115H   BLOCK     CODE     ---       LVL=0
      00FF0115H   LINE      CODE     ---       #38
      00FF0115H   LINE      CODE     ---       #40
      00FF0118H   LINE      CODE     ---       #41
      00FF011AH   LINE      CODE     ---       #42
      00FF0127H   LINE      CODE     ---       #43
      00FF0133H   LINE      CODE     ---       #44
      ---         BLOCKEND  ---      ---       LVL=0
L251 LINKER/LOCATER V4.66.93.0                                                        07/20/2023  16:33:29  PAGE 7



      00FF00F6H   BLOCK     CODE     ---       LVL=0
      00FF00F6H   LINE      CODE     ---       #46
      00FF00F6H   LINE      CODE     ---       #48
      00FF00F9H   LINE      CODE     ---       #49
      00FF00FBH   LINE      CODE     ---       #50
      00FF0108H   LINE      CODE     ---       #51
      00FF0114H   LINE      CODE     ---       #52
      ---         BLOCKEND  ---      ---       LVL=0

      00FF019CH   BLOCK     CODE     ---       LVL=0
      00FF019CH   LINE      CODE     ---       #54
      00FF019CH   LINE      CODE     ---       #56
      00FF01ACH   LINE      CODE     ---       #57
      00FF01AEH   LINE      CODE     ---       #58
      ---         BLOCKEND  ---      ---       LVL=0

      00FF0189H   BLOCK     CODE     ---       LVL=0
      00FF0189H   LINE      CODE     ---       #60
      00FF0189H   LINE      CODE     ---       #62
      00FF0199H   LINE      CODE     ---       #63
      00FF019BH   LINE      CODE     ---       #64
      ---         BLOCKEND  ---      ---       LVL=0

      00FF01C2H   BLOCK     CODE     ---       LVL=0
      00FF01C2H   LINE      CODE     ---       #66
      00FF01C2H   LINE      CODE     ---       #68
      00FF01D2H   LINE      CODE     ---       #69
      00FF01D4H   LINE      CODE     ---       #70
      ---         BLOCKEND  ---      ---       LVL=0

      00FF01AFH   BLOCK     CODE     ---       LVL=0
      00FF01AFH   LINE      CODE     ---       #72
      00FF01AFH   LINE      CODE     ---       #74
      00FF01BFH   LINE      CODE     ---       #75
      00FF01C1H   LINE      CODE     ---       #76
      ---         BLOCKEND  ---      ---       LVL=0

      00FF0174H   BLOCK     CODE     ---       LVL=0
      WR0         REGSYM    ---      WORD      cycle
      00FF0174H   LINE      CODE     ---       #78
      00FF0176H   LINE      CODE     ---       #80
      00FF0181H   LINE      CODE     ---       #81
      00FF0188H   LINE      CODE     ---       #82
      ---         BLOCKEND  ---      ---       LVL=0

      00FF014AH   BLOCK     CODE     ---       LVL=0
      WR0         REGSYM    ---      WORD      duty
      00FF014AH   LINE      CODE     ---       #84
      00FF014CH   LINE      CODE     ---       #86
      00FF0157H   LINE      CODE     ---       #87
      00FF015EH   LINE      CODE     ---       #88
      ---         BLOCKEND  ---      ---       LVL=0

      00FF015FH   BLOCK     CODE     ---       LVL=0
      WR0         REGSYM    ---      WORD      duty
      00FF015FH   LINE      CODE     ---       #90
      00FF0161H   LINE      CODE     ---       #92
      00FF016CH   LINE      CODE     ---       #93
      00FF0173H   LINE      CODE     ---       #94
      ---         BLOCKEND  ---      ---       LVL=0

      ---         MODULE    ---      ---       ?C_START
      00FF0000H   PUBLIC    CODE     ---       ?C?STARTUP
      00FF0000H   PUBLIC    CODE     ---       ?C_STARTUP
L251 LINKER/LOCATER V4.66.93.0                                                        07/20/2023  16:33:29  PAGE 8





*** WARNING L57: UNCALLED FUNCTION, IGNORED FOR OVERLAY PROCESS
    NAME:    pwm1n_enable/pwm

*** WARNING L57: UNCALLED FUNCTION, IGNORED FOR OVERLAY PROCESS
    NAME:    pwm4n_enable/pwm

Program Size: data=8.0 edata+hdata=256 xdata=0 const=0 code=469
L251 RUN COMPLETE.  2 WARNING(S),  0 ERROR(S)
